// Jest Snapshot v1, https://goo.gl/fbAQLP

exports[`<From /> Form matches snapshot 1`] = `
Array [
  .c1 {
  border: 0;
  -webkit-clip: rect(0 0 0 0);
  clip: rect(0 0 0 0);
  height: 1px;
  margin: -1px;
  overflow: hidden;
  padding: 0;
  position: absolute;
  width: 1px;
}

.c2 {
  color: #000;
  font-size: 1.07rem;
  margin: 1rem;
  padding: 0.25rem 1rem;
  border: 2px solid #216e39;
  border-radius: 3px;
}

.c0 {
  display: -webkit-box;
  display: -webkit-flex;
  display: -ms-flexbox;
  display: flex;
  -webkit-box-pack: start;
  -webkit-justify-content: start;
  -ms-flex-pack: start;
  justify-content: start;
  -webkit-flex-wrap: wrap;
  -ms-flex-wrap: wrap;
  flex-wrap: wrap;
  max-width: 300px;
}

<div
    className="c0"
  >
    <label
      className="c1"
      htmlFor="repoName"
    >
      Name of Repository
    </label>
    <input
      className="c2"
      id="repoName"
      onChange={[Function]}
      placeholder="Name of Repository"
      type="text"
    />
    <label
      className="c1"
      htmlFor="year"
    >
      Year
    </label>
    <input
      className="c2"
      id="year"
      onChange={[Function]}
      placeholder="Year"
      type="number"
    />
    <label
      className="c1"
      htmlFor="name"
    >
      Name
    </label>
    <input
      className="c2"
      id="name"
      onChange={[Function]}
      placeholder="Name"
      type="text"
    />
    <label
      className="c1"
      htmlFor="email"
    >
      Email
    </label>
    <input
      className="c2"
      id="email"
      onChange={[Function]}
      placeholder="Email"
      type="email"
    />
    <label
      className="c1"
      htmlFor="word"
    >
      Word to Draw
    </label>
    <input
      className="c2"
      id="word"
      onChange={[Function]}
      placeholder="Word to Draw"
      type="text"
    />
  </div>,
  .c0 {
  color: #30a14e;
  background-color: #ebedf0;
  font-size: 1.07rem;
  margin: 1rem;
  padding: 0.25rem 1rem;
  border: 2px solid #216e39;
  border-radius: 3px;
}

.c0:active {
  background-color: #9be9a8;
}

<button
    className="c0"
    onClick={[Function]}
  >
    Create Art
  </button>,
]
`;
